
> @city-ops/web@0.0.0 test D:\__DEV\city-ops\apps\web
> vitest run "--" "src/domain/export/selectedLineExportValidation.test.ts" "-t" "validates committed hamburg-line-1 fixture successfully"


[1m[46m RUN [49m[22m [36mv3.2.4 [39m[90mD:/__DEV/city-ops/apps/web[39m

 [32mÔ£ô[39m src/domain/types/demandNode.test.ts [2m([22m[2m7 tests[22m[2m)[22m[32m 6[2mms[22m[39m
 [32mÔ£ô[39m src/domain/projection/lineDepartureTimetableProjection.test.ts [2m([22m[2m3 tests[22m[2m)[22m[32m 8[2mms[22m[39m
 [32mÔ£ô[39m src/domain/demand/demandNodeHelpers.test.ts [2m([22m[2m5 tests[22m[2m)[22m[32m 18[2mms[22m[39m
 [32mÔ£ô[39m src/domain/simulation/simulationClock.test.ts [2m([22m[2m10 tests[22m[2m)[22m[32m 7[2mms[22m[39m
pnpm : [90mstderr[2m | src/domain/export/selectedLineExportSessionLoader.test.ts[2m > 
[22m[2mconvertSelectedLineExportPayloadToSession[2m > [22m[2mconverts a validated payload into one completed line 
and mapped stops
In Zeile:1 Zeichen:1
+ pnpm --filter @city-ops/web test -- src/domain/export/selectedLineExp ...
+ ~~~~~~~~~~~~~~~~~~~~~~~~~~~~~~~~~~~~~~~~~~~~~~~~~~~~~~~~~~~~~~~~~~~~~
    + CategoryInfo          : NotSpecified: ([90mstderr[2m...nd mapped stops:String) [], RemoteException
    + FullyQualifiedErrorId : NativeCommandError
 
[22m[39mDebug: Coord mismatch! left=[9.936082,53.553434], right=[9.935860029654844,53.55343548898613], 
tolerance=0.00001, lngDiff=0.00022197034515691882, latDiff=0.0000014889861290612316
Debug: Coord mismatch! left=[9.936082,53.553434], right=[9.935860029654844,53.55343548898613], tolerance=0.00001, 
lngDiff=0.00022197034515691882, latDiff=0.0000014889861290612316
Validation issues: [
  {
    "code": "route-segment-endpoint-mismatch",
    "path": "$.line.routeSegments[4].orderedGeometry[last]",
    "message": "Last orderedGeometry coordinate must match toStopId position within tolerance."
  },
  {
    "code": "route-segment-endpoint-mismatch",
    "path": "$.line.routeSegments[5].orderedGeometry[0]",
    "message": "First orderedGeometry coordinate must match fromStopId position within tolerance."
  }
]

[90mstderr[2m | src/domain/export/selectedLineExportValidation.test.ts[2m > 
[22m[2mvalidateSelectedLineExportPayload fixture contract[2m > [22m[2mvalidates committed hamburg-line-1 fixture 
successfully
[22m[39mDebug: Coord mismatch! left=[9.936082,53.553434], right=[9.935860029654844,53.55343548898613], 
tolerance=0.00001, lngDiff=0.00022197034515691882, latDiff=0.0000014889861290612316
Debug: Coord mismatch! left=[9.936082,53.553434], right=[9.935860029654844,53.55343548898613], tolerance=0.00001, 
lngDiff=0.00022197034515691882, latDiff=0.0000014889861290612316
Validation issues: [
  {
    "code": "route-segment-endpoint-mismatch",
    "path": "$.line.routeSegments[4].orderedGeometry[last]",
    "message": "Last orderedGeometry coordinate must match toStopId position within tolerance."
  },
  {
    "code": "route-segment-endpoint-mismatch",
    "path": "$.line.routeSegments[5].orderedGeometry[0]",
    "message": "First orderedGeometry coordinate must match fromStopId position within tolerance."
  }
]

[90mstderr[2m | src/domain/export/selectedLineExportSessionLoader.test.ts[2m > 
[22m[2mconvertSelectedLineExportPayloadToSession[2m > [22m[2mpreserves explicit no-service plans during conversion
[22m[39mDebug: Coord mismatch! left=[9.936082,53.553434], right=[9.935860029654844,53.55343548898613], 
tolerance=0.00001, lngDiff=0.00022197034515691882, latDiff=0.0000014889861290612316
Debug: Coord mismatch! left=[9.936082,53.553434], right=[9.935860029654844,53.55343548898613], tolerance=0.00001, 
lngDiff=0.00022197034515691882, latDiff=0.0000014889861290612316
Validation issues: [
  {
    "code": "route-segment-endpoint-mismatch",
    "path": "$.line.routeSegments[4].orderedGeometry[last]",
    "message": "Last orderedGeometry coordinate must match toStopId position within tolerance."
  },
  {
    "code": "route-segment-endpoint-mismatch",
    "path": "$.line.routeSegments[5].orderedGeometry[0]",
    "message": "First orderedGeometry coordinate must match fromStopId position within tolerance."
  }
]

[90mstderr[2m | src/domain/export/selectedLineExportValidation.test.ts[2m > 
[22m[2mvalidateSelectedLineExportPayload fixture contract[2m > [22m[2mfails on unknown schema version
[22m[39mDebug: Coord mismatch! left=[9.936082,53.553434], right=[9.935860029654844,53.55343548898613], 
tolerance=0.00001, lngDiff=0.00022197034515691882, latDiff=0.0000014889861290612316
Debug: Coord mismatch! left=[9.936082,53.553434], right=[9.935860029654844,53.55343548898613], tolerance=0.00001, 
lngDiff=0.00022197034515691882, latDiff=0.0000014889861290612316
Validation issues: [
  {
    "code": "invalid-schema-version",
    "path": "$.schemaVersion",
    "message": "schemaVersion must equal cityops-selected-line-export-v3."
  },
  {
    "code": "route-segment-endpoint-mismatch",
    "path": "$.line.routeSegments[4].orderedGeometry[last]",
    "message": "Last orderedGeometry coordinate must match toStopId position within tolerance."
  },
  {
    "code": "route-segment-endpoint-mismatch",
    "path": "$.line.routeSegments[5].orderedGeometry[0]",
    "message": "First orderedGeometry coordinate must match fromStopId position within tolerance."
  }
]

[90mstderr[2m | src/domain/export/selectedLineExportValidation.test.ts[2m > 
[22m[2mvalidateSelectedLineExportPayload fixture contract[2m > [22m[2mfails on unknown export kind
[22m[39mDebug: Coord mismatch! left=[9.936082,53.553434], right=[9.935860029654844,53.55343548898613], 
tolerance=0.00001, lngDiff=0.00022197034515691882, latDiff=0.0000014889861290612316
Debug: Coord mismatch! left=[9.936082,53.553434], right=[9.935860029654844,53.55343548898613], tolerance=0.00001, 
lngDiff=0.00022197034515691882, latDiff=0.0000014889861290612316
Validation issues: [
  {
    "code": "invalid-export-kind",
    "path": "$.exportKind",
    "message": "exportKind must equal single-line."
  },
  {
    "code": "route-segment-endpoint-mismatch",
    "path": "$.line.routeSegments[4].orderedGeometry[last]",
    "message": "Last orderedGeometry coordinate must match toStopId position within tolerance."
  },
  {
    "code": "route-segment-endpoint-mismatch",
    "path": "$.line.routeSegments[5].orderedGeometry[0]",
    "message": "First orderedGeometry coordinate must match fromStopId position within tolerance."
  }
]

 [31mÔØ»[39m src/domain/export/selectedLineExportSessionLoader.test.ts [2m([22m[2m3 tests[22m[2m | [22m[31m2 failed[39m[2m)[22m[32m 22[2mms[22m[39m
[31m   [31m├ù[31m convertSelectedLineExportPayloadToSession[2m > [22mconverts a validated payload into one completed line and mapped stops[39m[32m 15[2mms[22m[39m
[31m     ÔåÆ expected false to be true // Object.is equality[39m
[31m   [31m├ù[31m convertSelectedLineExportPayloadToSession[2m > [22mpreserves explicit no-service plans during conversion[39m[32m 3[2mms[22m[39m
[31m     ÔåÆ expected false to be true // Object.is equality[39m
   [32mÔ£ô[39m convertSelectedLineExportPayloadToSession[2m > [22mconverts payload with missing routeSegments into empty session segments[32m 2[2mms[22m[39m
[90mstderr[2m | src/domain/export/selectedLineExportValidation.test.ts[2m > 
[22m[2mvalidateSelectedLineExportPayload fixture contract[2m > [22m[2mfails when an ordered stop is missing from 
exported stops
[22m[39mDebug: Coord mismatch! left=[9.936082,53.553434], right=[9.935860029654844,53.55343548898613], 
tolerance=0.00001, lngDiff=0.00022197034515691882, latDiff=0.0000014889861290612316
Validation issues: [
  {
    "code": "route-segment-endpoint-mismatch",
    "path": "$.line.routeSegments[4].orderedGeometry[last]",
    "message": "Last orderedGeometry coordinate must match toStopId position within tolerance."
  },
  {
    "code": "stop-reference-mismatch",
    "path": "$.line.orderedStopIds[6]",
    "message": "ordered stop id \"stop-7\" is missing from stops array."
  }
]

[90mstderr[2m | src/domain/export/selectedLineExportValidation.test.ts[2m > 
[22m[2mvalidateSelectedLineExportPayload fixture contract[2m > [22m[2mfails when an exported stop is unreferenced 
by ordered stops
[22m[39mDebug: Coord mismatch! left=[9.936082,53.553434], right=[9.935860029654844,53.55343548898613], 
tolerance=0.00001, lngDiff=0.00022197034515691882, latDiff=0.0000014889861290612316
Debug: Coord mismatch! left=[9.936082,53.553434], right=[9.935860029654844,53.55343548898613], tolerance=0.00001, 
lngDiff=0.00022197034515691882, latDiff=0.0000014889861290612316
Validation issues: [
  {
    "code": "route-segment-endpoint-mismatch",
    "path": "$.line.routeSegments[4].orderedGeometry[last]",
    "message": "Last orderedGeometry coordinate must match toStopId position within tolerance."
  },
  {
    "code": "route-segment-endpoint-mismatch",
    "path": "$.line.routeSegments[5].orderedGeometry[0]",
    "message": "First orderedGeometry coordinate must match fromStopId position within tolerance."
  },
  {
    "code": "stop-reference-mismatch",
    "path": "$.stops",
    "message": "stops contains unreferenced stop id \"stop-extra\"."
  }
 [32mÔ£ô[39m src/domain/projection/routeBaselineProjection.test.ts [2m([22m[2m4 tests[22m[2m)[22m[32m 10[2mms[22m[39m
]

[90mstderr[2m | src/domain/export/selectedLineExportValidation.test.ts[2m > 
[22m[2mvalidateSelectedLineExportPayload fixture contract[2m > [22m[2mfails when route segment count is below 
ordered stop chain minimum
[22m[39mDebug: Coord mismatch! left=[9.936082,53.553434], right=[9.935860029654844,53.55343548898613], 
tolerance=0.00001, lngDiff=0.00022197034515691882, latDiff=0.0000014889861290612316
Debug: Coord mismatch! left=[9.936082,53.553434], right=[9.935860029654844,53.55343548898613], tolerance=0.00001, 
lngDiff=0.00022197034515691882, latDiff=0.0000014889861290612316
Validation issues: [
  {
    "code": "route-segment-endpoint-mismatch",
    "path": "$.line.routeSegments[4].orderedGeometry[last]",
    "message": "Last orderedGeometry coordinate must match toStopId position within tolerance."
  },
  {
    "code": "route-segment-endpoint-mismatch",
    "path": "$.line.routeSegments[5].orderedGeometry[0]",
    "message": "First orderedGeometry coordinate must match fromStopId position within tolerance."
  },
  {
    "code": "route-segment-adjacency-mismatch",
    "path": "$.line.routeSegments[7]",
    "message": "Route segments must connect adjacent stops in expected order (or close the loop)."
  },
  {
    "code": "route-segment-count-mismatch",
    "path": "$.line.routeSegments",
    "message": "routeSegments length must equal 9 for loop topology."
  }
]

[90mstderr[2m | src/domain/export/selectedLineExportValidation.test.ts[2m > 
[22m[2mvalidateSelectedLineExportPayload fixture contract[2m > [22m[2mfails on route segment adjacency mismatch
[22m[39mDebug: Coord mismatch! left=[9.936082,53.553434], right=[9.935860029654844,53.55343548898613], 
tolerance=0.00001, lngDiff=0.00022197034515691882, latDiff=0.0000014889861290612316
Debug: Coord mismatch! left=[9.936082,53.553434], right=[9.935860029654844,53.55343548898613], tolerance=0.00001, 
lngDiff=0.00022197034515691882, latDiff=0.0000014889861290612316
Validation issues: [
  {
    "code": "route-segment-adjacency-mismatch",
    "path": "$.line.routeSegments[0]",
    "message": "Route segments must connect adjacent stops in expected order (or close the loop)."
  },
  {
    "code": "route-segment-endpoint-mismatch",
    "path": "$.line.routeSegments[4].orderedGeometry[last]",
    "message": "Last orderedGeometry coordinate must match toStopId position within tolerance."
  },
  {
    "code": "route-segment-endpoint-mismatch",
    "path": "$.line.routeSegments[5].orderedGeometry[0]",
    "message": "First orderedGeometry coordinate must match fromStopId position within tolerance."
  }
]

[90mstderr[2m | src/domain/export/selectedLineExportValidation.test.ts[2m > 
[22m[2mvalidateSelectedLineExportPayload fixture contract[2m > [22m[2mfails on route segment line id mismatch
[22m[39mDebug: Coord mismatch! left=[9.936082,53.553434], right=[9.935860029654844,53.55343548898613], 
tolerance=0.00001, lngDiff=0.00022197034515691882, latDiff=0.0000014889861290612316
Debug: Coord mismatch! left=[9.936082,53.553434], right=[9.935860029654844,53.55343548898613], tolerance=0.00001, 
lngDiff=0.00022197034515691882, latDiff=0.0000014889861290612316
Validation issues: [
  {
    "code": "route-segment-line-id-mismatch",
    "path": "$.line.routeSegments[0].lineId",
    "message": "route segment lineId \"line-2\" does not match line.id \"line-1\"."
  },
  {
    "code": "route-segment-endpoint-mismatch",
    "path": "$.line.routeSegments[4].orderedGeometry[last]",
    "message": "Last orderedGeometry coordinate must match toStopId position within tolerance."
  },
  {
    "code": "route-segment-endpoint-mismatch",
    "path": "$.line.routeSegments[5].orderedGeometry[0]",
    "message": "First orderedGeometry coordinate must match fromStopId position within tolerance."
  }
]

[90mstderr[2m | src/domain/export/selectedLineExportValidation.test.ts[2m > 
[22m[2mvalidateSelectedLineExportPayload fixture contract[2m > [22m[2mfails on invalid coordinate range
[22m[39mDebug: Coord mismatch! left=[9.936082,53.553434], right=[9.935860029654844,53.55343548898613], 
tolerance=0.00001, lngDiff=0.00022197034515691882, latDiff=0.0000014889861290612316
Debug: Coord mismatch! left=[9.936082,53.553434], right=[9.935860029654844,53.55343548898613], tolerance=0.00001, 
lngDiff=0.00022197034515691882, latDiff=0.0000014889861290612316
Validation issues: [
  {
    "code": "invalid-stop-position",
    "path": "$.stops[0].position",
    "message": "stop.position.lng/lat must be finite WGS84 coordinates within valid ranges."
  },
  {
    "code": "route-segment-endpoint-mismatch",
    "path": "$.line.routeSegments[4].orderedGeometry[last]",
    "message": "Last orderedGeometry coordinate must match toStopId position within tolerance."
  },
  {
    "code": "route-segment-endpoint-mismatch",
    "path": "$.line.routeSegments[5].orderedGeometry[0]",
    "message": "First orderedGeometry coordinate must match fromStopId position within tolerance."
  },
  {
    "code": "stop-reference-mismatch",
    "path": "$.line.orderedStopIds[0]",
    "message": "ordered stop id \"stop-1\" is missing from stops array."
  }
]

[90mstderr[2m | src/domain/export/selectedLineExportValidation.test.ts[2m > 
[22m[2mvalidateSelectedLineExportPayload fixture contract[2m > [22m[2mfails on invalid total travel time
[22m[39mDebug: Coord mismatch! left=[9.936082,53.553434], right=[9.935860029654844,53.55343548898613], 
tolerance=0.00001, lngDiff=0.00022197034515691882, latDiff=0.0000014889861290612316
Debug: Coord mismatch! left=[9.936082,53.553434], right=[9.935860029654844,53.55343548898613], tolerance=0.00001, 
lngDiff=0.00022197034515691882, latDiff=0.0000014889861290612316
Validation issues: [
  {
    "code": "route-segment-total-travel-minutes-mismatch",
    "path": "$.line.routeSegments[0].totalTravelMinutes",
    "message": "totalTravelMinutes must equal inMotionTravelMinutes + dwellMinutes within tolerance."
  },
  {
    "code": "route-segment-endpoint-mismatch",
    "path": "$.line.routeSegments[4].orderedGeometry[last]",
    "message": "Last orderedGeometry coordinate must match toStopId position within tolerance."
  },
  {
    "code": "route-segment-endpoint-mismatch",
    "path": "$.line.routeSegments[5].orderedGeometry[0]",
    "message": "First orderedGeometry coordinate must match fromStopId position within tolerance."
  }
]

 [32mÔ£ô[39m src/map-workspace/lineGeoJson.test.ts [2m([22m[2m10 tests[22m[2m)[22m[32m 13[2mms[22m[39m
[90mstderr[2m | src/domain/export/selectedLineExportValidation.test.ts[2m > 
[22m[2mvalidateSelectedLineExportPayload fixture contract[2m > [22m[2mfails on metadata stop count mismatch
[22m[39mDebug: Coord mismatch! left=[9.936082,53.553434], right=[9.935860029654844,53.55343548898613], 
tolerance=0.00001, lngDiff=0.00022197034515691882, latDiff=0.0000014889861290612316
Debug: Coord mismatch! left=[9.936082,53.553434], right=[9.935860029654844,53.55343548898613], tolerance=0.00001, 
lngDiff=0.00022197034515691882, latDiff=0.0000014889861290612316
Validation issues: [
  {
    "code": "route-segment-endpoint-mismatch",
    "path": "$.line.routeSegments[4].orderedGeometry[last]",
    "message": "Last orderedGeometry coordinate must match toStopId position within tolerance."
  },
  {
    "code": "route-segment-endpoint-mismatch",
    "path": "$.line.routeSegments[5].orderedGeometry[0]",
    "message": "First orderedGeometry coordinate must match fromStopId position within tolerance."
  },
  {
    "code": "invalid-metadata-counts",
    "path": "$.metadata.stopCount",
    "message": "metadata.stopCount must match stops.length."
  }
]

[90mstderr[2m | src/domain/export/selectedLineExportValidation.test.ts[2m > 
[22m[2mvalidateSelectedLineExportPayload fixture contract[2m > [22m[2mfails on metadata route segment count 
mismatch
[22m[39mDebug: Coord mismatch! left=[9.936082,53.553434], right=[9.935860029654844,53.55343548898613], 
tolerance=0.00001, lngDiff=0.00022197034515691882, latDiff=0.0000014889861290612316
Debug: Coord mismatch! left=[9.936082,53.553434], right=[9.935860029654844,53.55343548898613], tolerance=0.00001, 
lngDiff=0.00022197034515691882, latDiff=0.0000014889861290612316
Validation issues: [
  {
    "code": "route-segment-endpoint-mismatch",
    "path": "$.line.routeSegments[4].orderedGeometry[last]",
    "message": "Last orderedGeometry coordinate must match toStopId position within tolerance."
  },
  {
    "code": "route-segment-endpoint-mismatch",
    "path": "$.line.routeSegments[5].orderedGeometry[0]",
    "message": "First orderedGeometry coordinate must match fromStopId position within tolerance."
  },
  {
    "code": "invalid-metadata-counts",
    "path": "$.metadata.routeSegmentCount",
    "message": "metadata.routeSegmentCount (10) must match actual routeSegments.length (9)."
  }
]

[90mstderr[2m | src/domain/export/selectedLineExportValidation.test.ts[2m > 
[22m[2mvalidateSelectedLineExportPayload fixture contract[2m > [22m[2maccepts includedTimeBandIds that match 
configured service plans in canonical order
[22m[39mDebug: Coord mismatch! left=[9.936082,53.553434], right=[9.935860029654844,53.55343548898613], 
tolerance=0.00001, lngDiff=0.00022197034515691882, latDiff=0.0000014889861290612316
Debug: Coord mismatch! left=[9.936082,53.553434], right=[9.935860029654844,53.55343548898613], tolerance=0.00001, 
lngDiff=0.00022197034515691882, latDiff=0.0000014889861290612316
Validation issues: [
  {
    "code": "route-segment-endpoint-mismatch",
    "path": "$.line.routeSegments[4].orderedGeometry[last]",
    "message": "Last orderedGeometry coordinate must match toStopId position within tolerance."
  },
  {
    "code": "route-segment-endpoint-mismatch",
    "path": "$.line.routeSegments[5].orderedGeometry[0]",
    "message": "First orderedGeometry coordinate must match fromStopId position within tolerance."
  }
]

[90mstderr[2m | src/domain/export/selectedLineExportValidation.test.ts[2m > 
[22m[2mvalidateSelectedLineExportPayload fixture contract[2m > [22m[2mrequires canonical includedTimeBandIds when 
all service plans are no-service
[22m[39mDebug: Coord mismatch! left=[9.936082,53.553434], right=[9.935860029654844,53.55343548898613], 
tolerance=0.00001, lngDiff=0.00022197034515691882, latDiff=0.0000014889861290612316
Debug: Coord mismatch! left=[9.936082,53.553434], right=[9.935860029654844,53.55343548898613], tolerance=0.00001, 
lngDiff=0.00022197034515691882, latDiff=0.0000014889861290612316
Validation issues: [
  {
    "code": "route-segment-endpoint-mismatch",
    "path": "$.line.routeSegments[4].orderedGeometry[last]",
    "message": "Last orderedGeometry coordinate must match toStopId position within tolerance."
  },
  {
    "code": "route-segment-endpoint-mismatch",
    "path": "$.line.routeSegments[5].orderedGeometry[0]",
    "message": "First orderedGeometry coordinate must match fromStopId position within tolerance."
  }
]

[90mstderr[2m | src/domain/export/selectedLineExportValidation.test.ts[2m > 
[22m[2mvalidateSelectedLineExportPayload fixture contract[2m > [22m[2mallows no-service plans and counts them as 
configured in includedTimeBandIds
[22m[39mDebug: Coord mismatch! left=[9.936082,53.553434], right=[9.935860029654844,53.55343548898613], 
tolerance=0.00001, lngDiff=0.00022197034515691882, latDiff=0.0000014889861290612316
Debug: Coord mismatch! left=[9.936082,53.553434], right=[9.935860029654844,53.55343548898613], tolerance=0.00001, 
lngDiff=0.00022197034515691882, latDiff=0.0000014889861290612316
Validation issues: [
  {
    "code": "route-segment-endpoint-mismatch",
    "path": "$.line.routeSegments[4].orderedGeometry[last]",
    "message": "Last orderedGeometry coordinate must match toStopId position within tolerance."
  },
  {
    "code": "route-segment-endpoint-mismatch",
    "path": "$.line.routeSegments[5].orderedGeometry[0]",
    "message": "First orderedGeometry coordinate must match fromStopId position within tolerance."
  }
]

[90mstderr[2m | src/domain/export/selectedLineExportValidation.test.ts[2m > 
[22m[2mvalidateSelectedLineExportPayload fixture contract[2m > [22m[2mfails when frequency plan headwayMinutes is 
not positive
[22m[39mDebug: Coord mismatch! left=[9.936082,53.553434], right=[9.935860029654844,53.55343548898613], 
tolerance=0.00001, lngDiff=0.00022197034515691882, latDiff=0.0000014889861290612316
Debug: Coord mismatch! left=[9.936082,53.553434], right=[9.935860029654844,53.55343548898613], tolerance=0.00001, 
lngDiff=0.00022197034515691882, latDiff=0.0000014889861290612316
Validation issues: [
  {
    "code": "invalid-frequency-value",
    "path": "$.line.frequencyByTimeBand.midday.headwayMinutes",
    "message": "frequency.headwayMinutes must be a positive finite number."
  },
  {
    "code": "route-segment-endpoint-mismatch",
    "path": "$.line.routeSegments[4].orderedGeometry[last]",
    "message": "Last orderedGeometry coordinate must match toStopId position within tolerance."
  },
  {
    "code": "route-segment-endpoint-mismatch",
    "path": "$.line.routeSegments[5].orderedGeometry[0]",
    "message": "First orderedGeometry coordinate must match fromStopId position within tolerance."
  },
  {
    "code": "metadata-included-time-band-order-mismatch",
    "path": "$.metadata.includedTimeBandIds",
    "message": "includedTimeBandIds must list exactly the configured service-plan bands in canonical order."
  }
]

 [31mÔØ»[39m src/domain/export/selectedLineExportValidation.test.ts [2m([22m[2m17 tests[22m[2m | [22m[31m4 failed[39m[2m)[22m[32m 48[2mms[22m[39m
[31m   [31m├ù[31m validateSelectedLineExportPayload fixture contract[2m > [22mvalidates committed hamburg-line-1 fixture successfully[39m[32m 13[2mms[22m[39m
[31m     ÔåÆ expected false to be true // Object.is equality[39m
   [32mÔ£ô[39m validateSelectedLineExportPayload fixture contract[2m > [22mfails on unknown schema version[32m 5[2mms[22m[39m
   [32mÔ£ô[39m validateSelectedLineExportPayload fixture contract[2m > [22mfails on unknown export kind[32m 2[2mms[22m[39m
   [32mÔ£ô[39m validateSelectedLineExportPayload fixture contract[2m > [22mfails when an ordered stop is missing from exported stops[32m 2[2mms[22m[39m
   [32mÔ£ô[39m validateSelectedLineExportPayload fixture contract[2m > [22mfails when an exported stop is unreferenced by ordered stops[32m 1[2mms[22m[39m
   [32mÔ£ô[39m validateSelectedLineExportPayload fixture contract[2m > [22mfails when route segment count is below ordered stop chain minimum[32m 1[2mms[22m[39m
   [32mÔ£ô[39m validateSelectedLineExportPayload fixture contract[2m > [22mfails on route segment adjacency mismatch[32m 1[2mms[22m[39m
   [32mÔ£ô[39m validateSelectedLineExportPayload fixture contract[2m > [22mfails on route segment line id mismatch[32m 1[2mms[22m[39m
   [32mÔ£ô[39m validateSelectedLineExportPayload fixture contract[2m > [22mfails on invalid coordinate range[32m 2[2mms[22m[39m
   [32mÔ£ô[39m validateSelectedLineExportPayload fixture contract[2m > [22mfails on invalid total travel time[32m 2[2mms[22m[39m
   [32mÔ£ô[39m validateSelectedLineExportPayload fixture contract[2m > [22mfails on metadata stop count mismatch[32m 4[2mms[22m[39m
   [32mÔ£ô[39m validateSelectedLineExportPayload fixture contract[2m > [22mfails on metadata route segment count mismatch[32m 2[2mms[22m[39m
[31m   [31m├ù[31m validateSelectedLineExportPayload fixture contract[2m > [22maccepts includedTimeBandIds that match configured service plans in canonical order[39m[32m 2[2mms[22m[39m
[31m     ÔåÆ expected false to be true // Object.is equality[39m
[31m   [31m├ù[31m validateSelectedLineExportPayload fixture contract[2m > [22mrequires canonical includedTimeBandIds when all service plans are no-service[39m[32m 2[2mms[22m[39m
[31m     ÔåÆ expected false to be true // Object.is equality[39m
[31m   [31m├ù[31m validateSelectedLineExportPayload fixture contract[2m > [22mallows no-service plans and counts them as configured in includedTimeBandIds[39m[32m 3[2mms[22m[39m
[31m     ÔåÆ expected false to be true // Object.is equality[39m
   [32mÔ£ô[39m validateSelectedLineExportPayload fixture contract[2m > [22mfails when frequency plan headwayMinutes is not positive[32m 2[2mms[22m[39m
   [32mÔ£ô[39m validateSelectedLineExportPayload fixture contract[2m > [22maccepts payload with missing routeSegments as derived cache intent[32m 1[2mms[22m[39m
 [32mÔ£ô[39m src/map-workspace/mapWorkspaceNearbyLabel.test.ts [2m([22m[2m5 tests[22m[2m)[22m[32m 28[2mms[22m[39m
 [32mÔ£ô[39m src/inspector/DeparturesDialog.test.tsx [2m([22m[2m1 test[22m[2m)[22m[32m 27[2mms[22m[39m
 [32mÔ£ô[39m src/inspector/FrequencyEditorDialog.test.tsx [2m([22m[2m3 tests[22m[2m)[22m[32m 32[2mms[22m[39m
 [32mÔ£ô[39m src/domain/projection/lineDepartureScheduleProjection.test.ts [2m([22m[2m16 tests[22m[2m)[22m[32m 19[2mms[22m[39m
 [32mÔ£ô[39m src/domain/readiness/lineServiceReadiness.test.ts [2m([22m[2m18 tests[22m[2m)[22m[32m 17[2mms[22m[39m
 [32mÔ£ô[39m src/domain/routing/completeLineRouting.test.ts [2m([22m[2m5 tests[22m[2m)[22m[32m 19[2mms[22m[39m
 [32mÔ£ô[39m src/domain/routing/buildRoutedLineRouteSegments.test.ts [2m([22m[2m8 tests[22m[2m)[22m[32m 17[2mms[22m[39m
 [32mÔ£ô[39m src/domain/export/selectedLineExportRoundTrip.test.ts [2m([22m[2m1 test[22m[2m)[22m[32m 12[2mms[22m[39m
 [32mÔ£ô[39m src/domain/projection/lineVehicleProjection.test.ts [2m([22m[2m4 tests[22m[2m)[22m[32m 10[2mms[22m[39m
 [32mÔ£ô[39m src/domain/demand/mvpDemandScenario.test.ts [2m([22m[2m6 tests[22m[2m)[22m[32m 20[2mms[22m[39m
 [32mÔ£ô[39m src/domain/projection/routeGeometryInterpolation.test.ts [2m([22m[2m7 tests[22m[2m)[22m[32m 12[2mms[22m[39m
 [32mÔ£ô[39m src/map-workspace/vehicleGeoJson.test.ts [2m([22m[2m7 tests[22m[2m)[22m[32m 10[2mms[22m[39m
 [32mÔ£ô[39m src/domain/routing/OsrmAdapter.test.ts [2m([22m[2m7 tests[22m[2m)[22m[32m 10[2mms[22m[39m
 [32mÔ£ô[39m src/map-workspace/streetFeatureLabel.test.ts [2m([22m[2m16 tests[22m[2m)[22m[32m 15[2mms[22m[39m
 [32mÔ£ô[39m src/session/lineFrequencyEditorState.test.ts [2m([22m[2m6 tests[22m[2m)[22m[32m 10[2mms[22m[39m
 [32mÔ£ô[39m src/domain/routing/fallbackLineRouting.test.ts [2m([22m[2m6 tests[22m[2m)[22m[32m 13[2mms[22m[39m
 [32mÔ£ô[39m src/domain/projection/lineServicePlanProjection.test.ts [2m([22m[2m5 tests[22m[2m)[22m[32m 10[2mms[22m[39m
 [32mÔ£ô[39m src/domain/demand/servedDemandProjection.test.ts [2m([22m[2m6 tests[22m[2m)[22m[32m 9[2mms[22m[39m
 [32mÔ£ô[39m src/domain/line/lineLabeling.test.ts [2m([22m[2m7 tests[22m[2m)[22m[32m 7[2mms[22m[39m
 [32mÔ£ô[39m src/domain/projection/linePlanningVehicleProjection.test.ts [2m([22m[2m8 tests[22m[2m)[22m[32m 10[2mms[22m[39m
 [32mÔ£ô[39m src/domain/demand/demandCatchment.test.ts [2m([22m[2m3 tests[22m[2m)[22m[32m 10[2mms[22m[39m
 [32mÔ£ô[39m src/domain/types/selectedLineExport.test.ts [2m([22m[2m2 tests[22m[2m)[22m[32m 7[2mms[22m[39m
 [32mÔ£ô[39m src/domain/export/selectedLineExportFileLoader.test.ts [2m([22m[2m3 tests[22m[2m)[22m[32m 8[2mms[22m[39m
 [32mÔ£ô[39m src/domain/constants/timeBands.test.ts [2m([22m[2m2 tests[22m[2m)[22m[32m 8[2mms[22m[39m
 [32mÔ£ô[39m src/domain/stop/stopLabeling.test.ts [2m([22m[2m7 tests[22m[2m)[22m[32m 6[2mms[22m[39m
 [32mÔ£ô[39m src/lib/geometry.test.ts [2m([22m[2m6 tests[22m[2m)[22m[32m 6[2mms[22m[39m
 [32mÔ£ô[39m src/map-workspace/mapWorkspaceSourceSync.test.ts [2m([22m[2m3 tests[22m[2m)[22m[32m 6[2mms[22m[39m

[31mÔÄ»ÔÄ»ÔÄ»ÔÄ»ÔÄ»ÔÄ»ÔÄ»[39m[1m[41m Failed Tests 6 [49m[22m[31mÔÄ»ÔÄ»ÔÄ»ÔÄ»ÔÄ»ÔÄ»ÔÄ»[39m

[41m[1m FAIL [22m[49m src/domain/export/selectedLineExportSessionLoader.test.ts[2m > 
[22mconvertSelectedLineExportPayloadToSession[2m > [22mconverts a validated payload into one completed line and 
mapped stops
[31m[1mAssertionError[22m: expected false to be true // Object.is equality[39m

[32m- Expected[39m
[31m+ Received[39m

[32m- true[39m
[31m+ false[39m

[36m [2mÔØ»[22m getValidatedFixturePayload 
src/domain/export/selectedLineExportSessionLoader.test.ts:[2m22:31[22m[39m
    [90m 20| [39m  [35mconst[39m fixturePayload [33m=[39m [34mreadFixturePayload[39m()[33m;[39m
    [90m 21| [39m  const validationResult = validateSelectedLineExportPayload(fixturePaÔÇª
    [90m 22| [39m  
[34mexpect[39m(validationResult[33m.[39mok)[33m.[39m[34mtoBe[39m([35mtrue[39m)[33m;[39m
    [90m   | [39m                              [31m^[39m
    [90m 23| [39m  [35mif[39m ([33m![39mvalidationResult[33m.[39mok) {
    [90m 24| [39m    [35mthrow[39m [35mnew[39m [33mError[39m([32m'Expected committed fixture to 
validate.'[39m)[33m;[39m
[90m [2mÔØ»[22m src/domain/export/selectedLineExportSessionLoader.test.ts:[2m32:72[22m[39m

[31m[2mÔÄ»ÔÄ»ÔÄ»ÔÄ»ÔÄ»ÔÄ»ÔÄ»ÔÄ»ÔÄ»ÔÄ»ÔÄ»ÔÄ»ÔÄ»ÔÄ»ÔÄ»ÔÄ»ÔÄ»ÔÄ»ÔÄ»ÔÄ»ÔÄ»ÔÄ»ÔÄ»ÔÄ»[1/6]ÔÄ»[22m[39m

[41m[1m FAIL [22m[49m src/domain/export/selectedLineExportSessionLoader.test.ts[2m > 
[22mconvertSelectedLineExportPayloadToSession[2m > [22mpreserves explicit no-service plans during conversion
[31m[1mAssertionError[22m: expected false to be true // Object.is equality[39m

[32m- Expected[39m
[31m+ Received[39m

[32m- true[39m
[31m+ false[39m

[36m [2mÔØ»[22m getValidatedFixturePayload 
src/domain/export/selectedLineExportSessionLoader.test.ts:[2m22:31[22m[39m
    [90m 20| [39m  [35mconst[39m fixturePayload [33m=[39m [34mreadFixturePayload[39m()[33m;[39m
    [90m 21| [39m  const validationResult = validateSelectedLineExportPayload(fixturePaÔÇª
    [90m 22| [39m  
[34mexpect[39m(validationResult[33m.[39mok)[33m.[39m[34mtoBe[39m([35mtrue[39m)[33m;[39m
    [90m   | [39m                              [31m^[39m
    [90m 23| [39m  [35mif[39m ([33m![39mvalidationResult[33m.[39mok) {
    [90m 24| [39m    [35mthrow[39m [35mnew[39m [33mError[39m([32m'Expected committed fixture to 
validate.'[39m)[33m;[39m
[90m [2mÔØ»[22m src/domain/export/selectedLineExportSessionLoader.test.ts:[2m44:30[22m[39m

[31m[2mÔÄ»ÔÄ»ÔÄ»ÔÄ»ÔÄ»ÔÄ»ÔÄ»ÔÄ»ÔÄ»ÔÄ»ÔÄ»ÔÄ»ÔÄ»ÔÄ»ÔÄ»ÔÄ»ÔÄ»ÔÄ»ÔÄ»ÔÄ»ÔÄ»ÔÄ»ÔÄ»ÔÄ»[2/6]ÔÄ»[22m[39m

[41m[1m FAIL [22m[49m src/domain/export/selectedLineExportValidation.test.ts[2m > 
[22mvalidateSelectedLineExportPayload fixture contract[2m > [22mvalidates committed hamburg-line-1 fixture 
successfully
[31m[1mAssertionError[22m: expected false to be true // Object.is equality[39m

[32m- Expected[39m
[31m+ Received[39m

[32m- true[39m
[31m+ false[39m

[36m [2mÔØ»[22m src/domain/export/selectedLineExportValidation.test.ts:[2m33:23[22m[39m
    [90m 31| [39m    [35mconst[39m result [33m=[39m 
[34mvalidateSelectedLineExportPayload[39m(payload)[33m;[39m
    [90m 32| [39m
    [90m 33| [39m    [34mexpect[39m(result[33m.[39mok)[33m.[39m[34mtoBe[39m([35mtrue[39m)[33m;[39m
    [90m   | [39m                      [31m^[39m
    [90m 34| [39m  })[33m;[39m
    [90m 35| [39m

[31m[2mÔÄ»ÔÄ»ÔÄ»ÔÄ»ÔÄ»ÔÄ»ÔÄ»ÔÄ»ÔÄ»ÔÄ»ÔÄ»ÔÄ»ÔÄ»ÔÄ»ÔÄ»ÔÄ»ÔÄ»ÔÄ»ÔÄ»ÔÄ»ÔÄ»ÔÄ»ÔÄ»ÔÄ»[3/6]ÔÄ»[22m[39m

[41m[1m FAIL [22m[49m src/domain/export/selectedLineExportValidation.test.ts[2m > 
[22mvalidateSelectedLineExportPayload fixture contract[2m > [22maccepts includedTimeBandIds that match configured 
service plans in canonical order
[31m[1mAssertionError[22m: expected false to be true // Object.is equality[39m

[32m- Expected[39m
[31m+ Received[39m

[32m- true[39m
[31m+ false[39m

[36m [2mÔØ»[22m src/domain/export/selectedLineExportValidation.test.ts:[2m151:23[22m[39m
    [90m149| [39m    [35mconst[39m result [33m=[39m 
[34mvalidateSelectedLineExportPayload[39m(payload)[33m;[39m
    [90m150| [39m
    [90m151| [39m    [34mexpect[39m(result[33m.[39mok)[33m.[39m[34mtoBe[39m([35mtrue[39m)[33m;[39m
    [90m   | [39m                      [31m^[39m
    [90m152| [39m  })[33m;[39m
    [90m153| [39m

[31m[2mÔÄ»ÔÄ»ÔÄ»ÔÄ»ÔÄ»ÔÄ»ÔÄ»ÔÄ»ÔÄ»ÔÄ»ÔÄ»ÔÄ»ÔÄ»ÔÄ»ÔÄ»ÔÄ»ÔÄ»ÔÄ»ÔÄ»ÔÄ»ÔÄ»ÔÄ»ÔÄ»ÔÄ»[4/6]ÔÄ»[22m[39m

[41m[1m FAIL [22m[49m src/domain/export/selectedLineExportValidation.test.ts[2m > 
[22mvalidateSelectedLineExportPayload fixture contract[2m > [22mrequires canonical includedTimeBandIds when all 
service plans are no-service
[31m[1mAssertionError[22m: expected false to be true // Object.is equality[39m

[32m- Expected[39m
[31m+ Received[39m

[32m- true[39m
[31m+ false[39m

[36m [2mÔØ»[22m src/domain/export/selectedLineExportValidation.test.ts:[2m178:23[22m[39m
    [90m176| [39m    [35mconst[39m result [33m=[39m 
[34mvalidateSelectedLineExportPayload[39m(payload)[33m;[39m
    [90m177| [39m
    [90m178| [39m    [34mexpect[39m(result[33m.[39mok)[33m.[39m[34mtoBe[39m([35mtrue[39m)[33m;[39m
    [90m   | [39m                      [31m^[39m
    [90m179| [39m  })[33m;[39m
    [90m180| [39m

[31m[2mÔÄ»ÔÄ»ÔÄ»ÔÄ»ÔÄ»ÔÄ»ÔÄ»ÔÄ»ÔÄ»ÔÄ»ÔÄ»ÔÄ»ÔÄ»ÔÄ»ÔÄ»ÔÄ»ÔÄ»ÔÄ»ÔÄ»ÔÄ»ÔÄ»ÔÄ»ÔÄ»ÔÄ»[5/6]ÔÄ»[22m[39m

[41m[1m FAIL [22m[49m src/domain/export/selectedLineExportValidation.test.ts[2m > 
[22mvalidateSelectedLineExportPayload fixture contract[2m > [22mallows no-service plans and counts them as 
configured in includedTimeBandIds
[31m[1mAssertionError[22m: expected false to be true // Object.is equality[39m

[32m- Expected[39m
[31m+ Received[39m

[32m- true[39m
[31m+ false[39m

[36m [2mÔØ»[22m src/domain/export/selectedLineExportValidation.test.ts:[2m200:23[22m[39m
    [90m198| [39m    [35mconst[39m result [33m=[39m 
[34mvalidateSelectedLineExportPayload[39m(payload)[33m;[39m
    [90m199| [39m
    [90m200| [39m    [34mexpect[39m(result[33m.[39mok)[33m.[39m[34mtoBe[39m([35mtrue[39m)[33m;[39m
    [90m   | [39m                      [31m^[39m
    [90m201| [39m  })[33m;[39m
    [90m202| [39m

[31m[2mÔÄ»ÔÄ»ÔÄ»ÔÄ»ÔÄ»ÔÄ»ÔÄ»ÔÄ»ÔÄ»ÔÄ»ÔÄ»ÔÄ»ÔÄ»ÔÄ»ÔÄ»ÔÄ»ÔÄ»ÔÄ»ÔÄ»ÔÄ»ÔÄ»ÔÄ»ÔÄ»ÔÄ»[6/6]ÔÄ»[22m[39m


[2m Test Files [22m [1m[31m2 failed[39m[22m[2m | [22m[1m[32m33 passed[39m[22m[90m (35)[39m
[2m      Tests [22m [1m[31m6 failed[39m[22m[2m | [22m[1m[32m221 passed[39m[22m[90m (227)[39m
[2m   Start at [22m 01:23:20
[2m   Duration [22m 3.02s[2m (transform 3.77s, setup 0ms, collect 8.30s, tests 490ms, environment 11ms, prepare 11.50s)[22m

D:\__DEV\city-ops\apps\web:
ÔÇëERR_PNPM_RECURSIVE_RUN_FIRST_FAILÔÇë @city-ops/web@0.0.0 test: `vitest run "--" "src/domain/export/selectedLineExportValidation.test.ts" "-t" "validates committed hamburg-line-1 fixture successfully"`
Exit status 1
